(program (statement (declaration (typeLabel (anonymousType (identifier sometype) (initializerBraces { initializerList }))) somename) \n))
