(program (statement (declaration (typeLabel (identifier int8)) a) \n))
