(program (statement (declaration (typeLabel (anonymousType (identifier list) (initializerBraces { (initializerList (initializerElem (initializerValue (identifier elemType)) = (initializerValue (identifier int8)))) }))) mylist) \n))
