(program (statement (declaration (typeLabel (anonymousType (identifier list) (initializerBraces { (initializerList (initializerElem (initializerValue (identifier int8)))) }))) a) \n))
