(program (statement (definition (declaration (typeLabel (identifier int8)) a) : (initializerList (initializerElem (initializerValue (literal 0))))) \n))
