(program (statement (expression (commaExpression (additiveExpression (multiplicativeExpression (unaryExpression (postfixExpression (postfixExpression (postfixExpression (postfixExpression (postfixExpression (atomExpression (atom (identifier a)))) (postfixOperation (memberAccess . b))) (postfixOperation (methodCall . c ( )))) (postfixOperation (memberAccess . d))) (postfixOperation (methodCall . e ( ))))))))) \n))
