(program (statement (expression (commaExpression (additiveExpression (multiplicativeExpression (unaryExpression (postfixExpression (atomExpression (atom (literal 3)))))) + (multiplicativeExpression (unaryExpression (postfixExpression (atomExpression (atom (literal 4))))) * (unaryExpression (postfixExpression (atomExpression (atom (identifier a)))))) - (multiplicativeExpression (unaryExpression (postfixExpression (atomExpression (atom (literal 5))))) * (unaryExpression (postfixExpression (atomExpression ( (expression (commaExpression (additiveExpression (multiplicativeExpression (unaryExpression (postfixExpression (atomExpression (atom (literal 8)))))) + (multiplicativeExpression (unaryExpression (postfixExpression (atomExpression (atom (literal 9))))))))) )))))))) \n))
