(program (statement (expression (additiveExpression (multiplicativeExpression (unaryExpression (postfixExpression (atomExpression (atom (literal 1))))) * (unaryExpression (postfixExpression (atomExpression ( (expression (additiveExpression (multiplicativeExpression (unaryExpression (postfixExpression (atomExpression (atom (identifier c)))))) + (multiplicativeExpression (unaryExpression (postfixExpression (atomExpression (atom (identifier c)))))))) )))) * (unaryExpression (postfixExpression (postfixExpression (atomExpression (atom (identifier a)))) (postfixOperation (memberAccess . member))))))) \n))
